
> himpunan-web@0.1.0 build
> next build --webpack

node.exe : [baseline-b
rowser-mapping] The 
data in this module 
is over two months 
old.  To ensure 
accurate Baseline 
data, please update: 
`npm i baseline-browse
r-mapping@latest -D`
At line:1 char:1
+ & "C:\Program Files\
nodejs/node.exe" 
"C:\Program 
Files\nodejs/node_mo 
...
+ ~~~~~~~~~~~~~~~~~~~~
~~~~~~~~~~~~~~~~~~~~~~
~~~~~~~~~~~~~~~~~~~~~~
~~~~~
    + CategoryInfo    
          : NotSpeci  
  fied: ([baseline-   
 brows...ping@late    
st -D`:String) []    
, RemoteException
    + FullyQualifiedE 
   rrorId : NativeCo  
  mmandError
 
Γû▓ Next.js 16.1.1 (webpack)
- Environments: .env

ΓÜá The "middleware" 
file convention is 
deprecated. Please 
use "proxy" instead. 
Learn more: https://ne
xtjs.org/docs/messages
/middleware-to-proxy
  Running TypeScript ...
  Creating an optimized production build ...
[baseline-browser-mapp
ing] The data in this 
module is over two 
months old.  To 
ensure accurate 
Baseline data, please 
update: `npm i baselin
e-browser-mapping@late
st -D`
Failed to compile.

./src/components/Navba
r.tsx
Module parse failed: 
Unterminated string 
constant (233:66)
File was processed 
with these loaders:
 * ./node_modules/next
/dist/build/webpack/lo
aders/next-swc-loader.
js
You may need an 
additional loader to 
handle the result of 
these loaders.
|                     
    onClick: ()=>setIs
MenuOpen(!isMenuOpen),
|                     
    "aria-label": 
"Toggle Menu",
>                     
    className: "jsx-26
5c78d6d76a8bdd" + " " 
+ "md:hidden relative 
w-10 h-10 flex 
items-center 
justify-center
|                     
 text-white 
hover:text-green-200 
transition-colors 
duration-300
|                     
 focus:outline-none 
group",

Import trace for 
requested module:
./src/components/Navba
r.tsx
./src/pages/event.tsx


> Build failed 
because of webpack 
errors
